017 TEKLA_INTERFACE
022 PRESSURE_ONLY_FE
051 COMPOSITE_COLUMN_EC
090 EPW_BASICS
091 ENGLISH
092 CZECH
093 GERMAN
094 FRENCH
095 DUTCH
096 SLOVAK
097 POLISH
098 HUNGARIAN
099 SPANISH
100 FRAME_2D
101 GRID_2D
102 PLATE
103 PLANE
104 FRAME_3D
105 GENERAL_SHELL
106 BATCH_PROCESSING
107 ASSEMBLED_CROSS_SECTION
108 REGEN_DOCUMENT
109 GENERAL_CROSS_SECTION
110 II_ORDER_THEORIE
111 II_ORDER_THEORIE_FE
112 PHYSICAL_NONLINEAR_CONDITIONS
113 PLATE_SHELL_NONLIN
114 STABILITY
115 STABILITY_FE
116 EIGENVALUES
117 EIGENVALUES_FE
118 GENERAL_DYNAMICS
119 GENERAL_DYNAMICS_FE
120 DYN_WIND_CSN
121 DYN_WIND_CSN_FE
122 SEISMICITY_CSN
123 SEISMICITY_CSN_FE
124 KARMAN_S_VIBRATION_CSN
125 KARMAN_S_VIBRATION_CSN_FE
126 DYN_WIND_DIN
127 DYN_WIND_DIN_FE
128 SEISMICITY_DIN
129 SEISMICITY_DIN_FE
130 KARMAN_S_VIBRATION_DIN
131 KARMAN_S_VIBRATION_DIN_FE
132 DYN_WIND_ANSI
133 DYN_WIND_ANSI_FE
134 SEISMICITY_ANSI
135 SEISMICITY_ANSI_FE
136 KARMAN_S_VIBRATION_ANSI
137 KARMAN_S_VIBRATION_ANSI_FE
138 SEISMICITY_GENERAL
139 SEISMICITY_GENERAL_FE
140 SEISMICITY_CYPRUS
141 SEISMICITY_CYPRUS_FE
142 SEISMICITY_INDIAN
143 SEISMICITY_INDIAN_FE
144 ITALIAN
145 SLOVENIAN
146 RUSSIAN
147 CROATIAN
148 BULGARIAN
149 ROMANIAN
150 VARIABLE_EL_THICKNESS_FE
151 MOBILE_LOADS
152 MOBILE_LOADS_FE
153 MOBILE_LOADS_ADV
154 MOBILE_LOADS_ADV_FE
156 BUILDING_PHASES
158 TDA
159 BUILDING_PHASES_FE
161 STEEL_IS
162 NONUNIFORM_DAMPING
163 HARMONIC_BAND
164 TENSION_ONLY_MEMBRANE
165 PRESSURE_ONLY_SUPPORT
166 FIRE_RESISTANCE_NEN
167 NON_LINEAR_STAGES
168 TENSION_ONLY_MEMBERS
169 CABLES
170 GRID_PINNED_CONNECTIONS
171 ALLPLAN_LINK
172 PIPFAS_SUPPORTS
173 PIPFAS_CHECK_NEN
174 POWERMAST_INPUT
175 POWERMAST_CHECK_NEN
176 FIRE_RESISTANCE_SIA
177 WATER_ACCUMULATION
178 INPUT_2D_SURFACES
179 CAD_MODELLER
180 ODA_BASICS
181 POWERMAST_LOADGEN
182 POWERMAST_INSULATOR_LOADS
183 INPUT_CURVED_SURFACES
184 OVERALL_OPTIMIZATION_STEEL
185 PRE_TENSIONING
186 POST_TENSIONING
187 NON_LINEAR_STABILITY
188 CONNECTION_MODELLER
189 ExternalCheck
190 BGDK
191 Storeys 
192 FIRE_CONCRETE_EC
193 MIXBEAM_CGPC
194 AUTOMATIC_REINFORCEMENT
195 GENERAL_SOLIDS
196 PLANARIZING_STRUCTURES
197 PRESTRESS_ANALYSER
198 REDISTRIBUTION_STRIPS
199 SHELL_IN_PLANE
200 STEEL_CM66
201 STEEL_CSN
202 STEEL_DIN_18800
203 STEEL_EC3
204 STEEL_ONORM
205 STEEL_NEN
206 STEEL_AISC_ASD
207 STEEL_AISC_LRFD
208 STEEL_SIA
209 STEEL_BS
210 STEEL_KOREA
211 STEEL_GBJ
212 STEEL_POL
213 STEEL_BSK
214 STEEL_BS_CADS
215 CONCRETE_THEOPRAC
216 CONCRETE_CSN_FE
217 CONCRETE_THEOPRAC_FE
218 CONCRETE_DIN_FE
219 CONCRETE_INDIA_FE
220 CONCRETE_EC_FE
221 CONCRETE_ONORM_FE
222 CONCRETE_SIA_FE
223 CONCRETE_NEN_FE
224 CONCRETE_BS_FE
227 CONCRETE_DIN88_FE
228 CONCRETE_BAEL_FE
229 PUNCHING_INDIA
230 PUNCHING_CSN
231 PUNCHING_DIN
232 PUNCHING_EC
233 PUNCHING_ONORM
234 PUNCHING_NEN
235 PUNCHING_BS
236 PUNCHING_SIA
237 PUNCHING_DIN88
238 PUNCHING_BAEL
239 PUNCHING_STN
250 CONCRETE_DIN88_AS
251 CONCRETE_SIA_AS
253 CONCRETE_BS_AS
255 CONCRETE_CSN_AS
256 CONCRETE_EC_AS
257 CONCRETE_DIN_AS
258 CONCRETE_NEN_AS
259 CONCRETE_ONORM_AS
260 CONCRETE_STN_AS
261 PLASTIC_HINGES_CSN
262 PLASTIC_HINGES_DIN
263 PLASTIC_HINGES_EC3
264 PLASTIC_HINGES_ONORM
265 PLASTIC_HINGES_NEN
266 CONCRETE_BAEL_AS
267 PHYSICAL_NONL_CONCR_INDIA
268 PHYSICAL_NONL_CONCR_INDIA_FE
269 PHYSICAL_NONL_CONCR_SIA_FE
270 PHYSICAL_NONL_CONCR_SIA
271 PHYSICAL_NONL_CONCR_CSN
272 PHYSICAL_NONL_CONCR_DIN
273 PHYSICAL_NONL_CONCR_EC2
274 PHYSICAL_NONL_CONCR_ONORM
275 PHYSICAL_NONL_CONCR_NEN
276 PHYSICAL_NONL_CONCR_CSN_FE
277 PHYSICAL_NONL_CONCR_DIN_FE
278 PHYSICAL_NONL_CONCR_EC2_FE
279 PHYSICAL_NONL_CONCR_ONORM_FE
280 PHYSICAL_NONL_CONCR_NEN_FE
281 CONCRETE_CSN_CHECK
282 CONCRETE_EC_CHECK
283 CONCRETE_DIN_CHECK
284 CONCRETE_NEN_CHECK
285 CONCRETE_ONORM_CHECK
286 CONCRETE_STN_CHECK
287 PHYSICAL_NONL_CONCR_STN
288 PHYSICAL_NONL_CONCR_STN_FE
289 PHYSICAL_NONL_CONCR_BS
290 PHYSICAL_NONL_CONCR_BS_FE
291 PHYSICAL_NONL_CONCR_GBJ
292 PHYSICAL_NONL_CONCR_GBJ_FE
293 PHYSICAL_NONL_CONCR_POL
294 PHYSICAL_NONL_CONCR_POL_FE
295 CONCRETE_DIN88_CHECK
296 PHYSICAL_NONL_CONCR_DIN88
297 PHYSICAL_NONL_CONCR_DIN88_FE
298 CONCRETE_SIA_CHECK
299 CONCRETE_BAEL_CHECK
300 CONNECTIONS_PINNED
303 INITIAL_STRESSES
304 TRAIN_GENERATOR
306 EXPERT_CONNECTION
307 GUSSET_CONNECTION
308 OPENINGS_ON_BEAMS
309 VRML_OBJECTS
310 CONCRETE_INDIA_AS
311 CONCRETE_INDIA_CHECK
312 CONCRETE_BS_CHECK
313 REVIT_ROUNDTRIP
314 ESA_UPDATE
315 HOLLOW_CORE_SLABS_EC
316 SCAFFOLDING_EC
317 FRICTION_SUPPORT
318 WIND_SNOW_GENERATOR_IS
319 PLANE_LOAD_GENERATOR
320 WIND_SNOW_GENERATOR_CSN
321 WIND_SNOW_GENERATOR_EC1
322 WIND_SNOW_GENERATOR_DIN
323 WIND_SNOW_GENERATOR_NEN
324 WIND_SNOW_GENERATOR_ASC
325 WIND_SNOW_GENERATOR_NV65
326 ODA_CONCRETE_BEAM
327 ODA_CONCRETE_SLAB
328 ODA_MIXED_BEAM
329 CORRUGATED_WEB_BEAM
339 ESA_8_10
340 IC_STN
341 ZEMAN
350 TIMBER_CSN
351 TIMBER_EC
355 CONCRETE_AISC_LRFD
356 CONCRETE_AISC_LRFD_FEM
357 COMPOSITE_FLOOR_EC
358 COMPOSITE_FLOOR_BS
359 CELLULAR_BEAMS_EC
360 ALUMINIUM_EC
364 INPUT_SOLIDS
365 ANALYSIS_SOLIDS
366 LOAD_PANELS
367 PLATE_WITH_BEAMS
368 UPGRADE_2D_TO_1D
369 TANGENTIAL_PIPELINES
371 PNL_GENERAL
373 DAMPING
374 ALLPLAN_AS2D_EXPORT
375 ESA_8_00
376 ESA_7_10
378 ESA_7_00
379 ESA_6_00
380 ESA_1_00
381 ESA_5_10
382 ESA_5_20
383 PROJECT_ADVANCED
384 MODEL_CONSTRUCTION_MORE_MODELS
385 CAD_MODEL
386 PARAMETERS
387 TEAM_WORK
388 PAPER_SPACE
389 LOADS_CLIMATIC
390 FRAME_CONNECTIONS
391 CONNECT_MONODRAWINGS
392 FIRE_RESISTANCE_EC
393 OVERVIEW_DRAWINGS
394 SMART_SOLVER
395 FEMCO_SOLVER
396 ANALYSIS_AFTER_ANALYSIS
397 ACTIVE_DOCUMENT
398 PROJECT_TEMPLATE
399 XML_EXPORT_IMPORT
400 REGEN_GALLERY
401 SOILIN
402 ADVANCED_LOAD_GEN_NEN
403 ADVANCED_LOAD_GEN_EC1
404 ODA_PARAMETRIC
405 USER_BLOCK_LIBRARY
406 PROSTEEL_LINK
407 DWG_IMPORT
408 LINE_GRID_3D
409 PIPFAS_WIZARD
410 INTERSECTIONS
415 STUDENT_VERSION
418 CADS_DESIGNER_TEST_CVL
422 UNLIMITED_VERSION
424 PRESTRESS_BEAMS_CSN736207
427 PRESTRESS_CHECKS_NEN
428 PRESTRESS_CHECKS_EC
437 CLASH_CHECK
438 MEMBER_RECOGNIZER                         
439 PLANE_SECTION   
446 IS_NOT_FINISHED
447 LIMITED_TO_500_BEAMS
468 STEEL_EAE
